\BOOKMARK [1][-]{section.1}{\376\377\000I\000n\000t\000r\000o\000d\000u\000c\000e\000r\000e}{}% 1
\BOOKMARK [2][-]{subsection.1.1}{\376\377\000C\000o\000n\000t\000e\000x\000t\000\040\000s\000i\000\040\000m\000o\000t\000i\000v\000a\000t\000i\000e}{section.1}% 2
\BOOKMARK [2][-]{subsection.1.2}{\376\377\000T\000e\000h\000n\000o\000l\000o\000g\000i\000i\000\040\000u\000t\000i\000l\000i\000z\000a\000t\000e}{section.1}% 3
\BOOKMARK [2][-]{subsection.1.3}{\376\377\000A\000r\000h\000i\000t\000e\000c\000t\000u\000r\000a\000\040\000g\000e\000n\000e\000r\000a\000l\000a}{section.1}% 4
\BOOKMARK [1][-]{section.2}{\376\377\000C\000e\000r\000i\000n\000t\000e\000\040\000d\000e\000\040\000b\000u\000s\000i\000n\000e\000s\000s\000\040\000i\000d\000e\000n\000t\000i\000f\000i\000c\000a\000t\000e}{}% 5
\BOOKMARK [1][-]{section.3}{\376\377\000N\000o\000r\000m\000a\000l\000i\000z\000a\000r\000e\000a\000\040\000b\000a\000z\000e\000i\000\040\000d\000e\000\040\000d\000a\000t\000e}{}% 6
\BOOKMARK [2][-]{subsection.3.1}{\376\377\000R\000e\000l\000a\000t\000i\000a\000\040\000u\000n\000i\000v\000e\000r\000s\000a\000l\000a\000\040\000i\000n\000i\000t\000i\000a\000l\000a}{section.3}% 7
\BOOKMARK [2][-]{subsection.3.2}{\376\377\000A\000n\000a\000l\000i\000z\000a\000\040\000d\000e\000p\000e\000n\000d\000e\000n\000t\000e\000l\000o\000r\000\040\000f\000u\000n\000c\000t\000i\000o\000n\000a\000l\000e}{section.3}% 8
\BOOKMARK [2][-]{subsection.3.3}{\376\377\000P\000r\000o\000c\000e\000s\000u\000l\000\040\000d\000e\000\040\000n\000o\000r\000m\000a\000l\000i\000z\000a\000r\000e}{section.3}% 9
\BOOKMARK [3][-]{subsubsection.3.3.1}{\376\377\0001\000N\000F\000\040\040\024\000\040\000F\000o\000r\000m\000a\000\040\000n\000o\000r\000m\000a\000l\000a\000\040\0001}{subsection.3.3}% 10
\BOOKMARK [3][-]{subsubsection.3.3.2}{\376\377\0002\000N\000F\000\040\040\024\000\040\000E\000l\000i\000m\000i\000n\000a\000r\000e\000a\000\040\000d\000e\000p\000e\000n\000d\000e\000n\000t\000e\000l\000o\000r\000\040\000p\000a\000r\000t\000i\000a\000l\000e}{subsection.3.3}% 11
\BOOKMARK [3][-]{subsubsection.3.3.3}{\376\377\0003\000N\000F\000\040\040\024\000\040\000E\000l\000i\000m\000i\000n\000a\000r\000e\000a\000\040\000d\000e\000p\000e\000n\000d\000e\000n\000t\000e\000l\000o\000r\000\040\000t\000r\000a\000n\000z\000i\000t\000i\000v\000e}{subsection.3.3}% 12
\BOOKMARK [3][-]{subsubsection.3.3.4}{\376\377\000B\000C\000N\000F\000\040\040\024\000\040\000F\000o\000r\000m\000a\000\040\000n\000o\000r\000m\000a\000l\000a\000\040\000B\000o\000y\000c\000e\000-\000C\000o\000d\000d}{subsection.3.3}% 13
\BOOKMARK [2][-]{subsection.3.4}{\376\377\000E\000x\000t\000e\000n\000s\000i\000a\000\040\000p\000e\000n\000t\000r\000u\000\040\000p\000i\000p\000e\000l\000i\000n\000e\000\040\000M\000L}{section.3}% 14
\BOOKMARK [1][-]{section.4}{\376\377\000D\000i\000a\000g\000r\000a\000m\000a\000\040\000e\000n\000t\000i\000t\000a\000t\000e\000-\000a\000s\000o\000c\000i\000e\000r\000e\000\040\000\050\000U\000M\000L\000\051}{}% 15
\BOOKMARK [2][-]{subsection.4.1}{\376\377\000E\000n\000t\000i\000t\000a\000t\000i\000\040\000i\000d\000e\000n\000t\000i\000f\000i\000c\000a\000t\000e}{section.4}% 16
\BOOKMARK [2][-]{subsection.4.2}{\376\377\000A\000s\000o\000c\000i\000e\000r\000i\000\040\000s\000i\000\040\000m\000u\000l\000t\000i\000p\000l\000i\000c\000i\000t\000a\000t\000i}{section.4}% 17
\BOOKMARK [2][-]{subsection.4.3}{\376\377\000J\000u\000s\000t\000i\000f\000i\000c\000a\000r\000e\000a\000\040\000c\000h\000e\000i\000l\000o\000r\000\040\000p\000r\000i\000m\000a\000r\000e\000\040\000s\000i\000\040\000s\000t\000r\000a\000i\000n\000e}{section.4}% 18
\BOOKMARK [2][-]{subsection.4.4}{\376\377\000T\000i\000p\000u\000r\000i\000\040\000d\000e\000\040\000c\000o\000n\000s\000t\000r\000a\000n\000g\000e\000r\000i}{section.4}% 19
\BOOKMARK [1][-]{section.5}{\376\377\000S\000c\000r\000i\000p\000t\000\040\000d\000e\000\040\000c\000r\000e\000a\000r\000e\000\040\000a\000\040\000t\000a\000b\000e\000l\000e\000l\000o\000r}{}% 20
\BOOKMARK [2][-]{subsection.5.1}{\376\377\000M\000i\000g\000r\000a\000r\000e\000a\000\040\0000\0000\0001\000:\000\040\000T\000a\000r\000i}{section.5}% 21
\BOOKMARK [2][-]{subsection.5.2}{\376\377\000M\000i\000g\000r\000a\000r\000e\000a\000\040\0000\0000\0002\000:\000\040\000O\000r\000a\000s\000e}{section.5}% 22
\BOOKMARK [2][-]{subsection.5.3}{\376\377\000M\000i\000g\000r\000a\000r\000e\000a\000\040\0000\0000\0003\000:\000\040\000P\000r\000o\000g\000n\000o\000z\000e\000\040\000z\000i\000l\000n\000i\000c\000e}{section.5}% 23
\BOOKMARK [2][-]{subsection.5.4}{\376\377\000M\000i\000g\000r\000a\000r\000e\000a\000\040\0000\0001\0005\000:\000\040\000T\000r\000i\000g\000g\000e\000r\000i}{section.5}% 24
\BOOKMARK [2][-]{subsection.5.5}{\376\377\000M\000i\000g\000r\000a\000r\000e\000a\000\040\0000\0001\0008\000:\000\040\000T\000r\000i\000g\000g\000e\000r\000\040\000d\000e\000\040\000a\000u\000d\000i\000t}{section.5}% 25
\BOOKMARK [1][-]{section.6}{\376\377\000P\000r\000e\000z\000e\000n\000t\000a\000r\000e\000a\000\040\000a\000p\000l\000i\000c\000a\000t\000i\000e\000i\000\040\000s\000i\000\040\000a\000\040\000i\000n\000t\000e\000r\000f\000e\000t\000e\000i\000\040\000g\000r\000a\000f\000i\000c\000e}{}% 26
\BOOKMARK [2][-]{subsection.6.1}{\376\377\000T\000a\000b\000-\000u\000l\000\040\000`\000`\000A\000c\000u\000m\000"\000\040\040\024\000\040\000D\000a\000s\000h\000b\000o\000a\000r\000d\000\040\000U\000n\000i\000f\000i\000c\000a\000t}{section.6}% 27
\BOOKMARK [2][-]{subsection.6.2}{\376\377\000T\000a\000b\000-\000u\000l\000\040\000`\000`\000H\000a\000r\000t\000a\000"}{section.6}% 28
\BOOKMARK [2][-]{subsection.6.3}{\376\377\000T\000a\000b\000-\000u\000l\000\040\000`\000`\000M\000a\000i\000\040\000m\000u\000l\000t\000e\000"}{section.6}% 29
\BOOKMARK [1][-]{section.7}{\376\377\000A\000l\000g\000o\000r\000i\000t\000m\000i\000\040\000c\000o\000m\000p\000l\000e\000x\000i\000\040\000i\000m\000p\000l\000e\000m\000e\000n\000t\000a\000t\000i\000\040\000i\000n\000\040\000P\000L\000/\000p\000g\000S\000Q\000L}{}% 30
\BOOKMARK [2][-]{subsection.7.1}{\376\377\000P\000i\000p\000e\000l\000i\000n\000e\000\040\000M\000L\000\040\040\024\000\040\000P\000r\000e\000z\000e\000n\000t\000a\000r\000e\000\040\000g\000e\000n\000e\000r\000a\000l\000a}{section.7}% 31
\BOOKMARK [2][-]{subsection.7.2}{\376\377\000V\000e\000c\000t\000o\000r\000i\000z\000a\000r\000e\000a\000\040\000m\000e\000t\000e\000o\000\040\040\024\000\040\000s\000p\000\137\000b\000u\000i\000l\000d\000\137\000w\000e\000a\000t\000h\000e\000r\000\137\000v\000e\000c\000t\000o\000r}{section.7}% 32
\BOOKMARK [2][-]{subsection.7.3}{\376\377\000I\000n\000f\000e\000r\000e\000n\000t\000a\000\040\000f\000u\000z\000z\000y\000\040\040\024\000\040\000s\000p\000\137\000c\000o\000m\000p\000u\000t\000e\000\137\000r\000e\000c\000i\000p\000e\000\137\000s\000c\000o\000r\000e\000s}{section.7}% 33
\BOOKMARK [3][-]{subsubsection.7.3.1}{\376\377\000F\000u\000n\000c\000t\000i\000i\000\040\000d\000e\000\040\000a\000p\000a\000r\000t\000e\000n\000e\000n\000t\000a}{subsection.7.3}% 34
\BOOKMARK [3][-]{subsubsection.7.3.2}{\376\377\000D\000e\000t\000e\000c\000t\000o\000r\000u\000l\000\040\000d\000e\000\040\000c\000a\000n\000i\000c\000u\000l\000a}{subsection.7.3}% 35
\BOOKMARK [2][-]{subsection.7.4}{\376\377\000L\000a\000n\000t\000u\000r\000i\000\040\000M\000a\000r\000k\000o\000v\000\040\000d\000e\000\040\000o\000r\000d\000i\000n\000\040\0002\000\040\040\024\000\040\000s\000p\000\137\000b\000u\000i\000l\000d\000\137\000m\000a\000r\000k\000o\000v\000\137\000t\000e\000n\000s\000o\000r}{section.7}% 36
\BOOKMARK [2][-]{subsection.7.5}{\376\377\000M\000o\000d\000e\000l\000u\000l\000\040\000M\000a\000r\000k\000o\000v\000\040\000A\000s\000c\000u\000n\000s\000\040\000\050\000H\000M\000M\000\051\000\040\040\024\000\040\000f\000n\000\137\000u\000p\000d\000a\000t\000e\000\137\000h\000m\000m\000\137\000e\000m\000i\000s\000s\000i\000o\000n}{section.7}% 37
\BOOKMARK [2][-]{subsection.7.6}{\376\377\000S\000i\000m\000u\000l\000a\000r\000e\000\040\000M\000o\000n\000t\000e\000\040\000C\000a\000r\000l\000o\000\040\040\024\000\040\000s\000p\000\137\000r\000u\000n\000\137\000m\000o\000n\000t\000e\000\137\000c\000a\000r\000l\000o}{section.7}% 38
\BOOKMARK [3][-]{subsubsection.7.6.1}{\376\377\000A\000l\000g\000o\000r\000i\000t\000m\000u\000l\000\040\000d\000e\000\040\000e\000s\000a\000n\000t\000i\000o\000n\000a\000r\000e\000\040\000a\000\040\000r\000e\000g\000i\000m\000u\000l\000u\000i\000\040\000u\000r\000m\000a\000t\000o\000r}{subsection.7.6}% 39
\BOOKMARK [3][-]{subsubsection.7.6.2}{\376\377\000G\000e\000n\000e\000r\000a\000r\000e\000a\000\040\000t\000e\000m\000p\000e\000r\000a\000t\000u\000r\000i\000i\000\040\000c\000o\000n\000d\000i\000t\000i\000o\000n\000a\000t\000e\000\040\000d\000e\000\040\000r\000e\000g\000i\000m}{subsection.7.6}% 40
\BOOKMARK [3][-]{subsubsection.7.6.3}{\376\377\000E\000x\000t\000r\000a\000g\000e\000r\000e\000a\000\040\000p\000e\000r\000c\000e\000n\000t\000i\000l\000e\000l\000o\000r}{subsection.7.6}% 41
\BOOKMARK [2][-]{subsection.7.7}{\376\377\000D\000e\000t\000e\000c\000t\000i\000a\000\040\000a\000n\000o\000m\000a\000l\000i\000i\000l\000o\000r\000\040\040\024\000\040\000s\000p\000\137\000d\000e\000t\000e\000c\000t\000\137\000a\000n\000o\000m\000a\000l\000i\000e\000s}{section.7}% 42
\BOOKMARK [2][-]{subsection.7.8}{\376\377\000C\000l\000a\000s\000i\000f\000i\000c\000a\000r\000e\000a\000\040\000o\000r\000a\000s\000e\000l\000o\000r\000\040\000s\000i\000m\000i\000l\000a\000r\000e\000\040\040\024\000\040\000s\000p\000\137\000c\000l\000a\000s\000s\000i\000f\000y\000\137\000s\000i\000m\000i\000l\000a\000r\000\137\000c\000i\000t\000i\000e\000s}{section.7}% 43
\BOOKMARK [2][-]{subsection.7.9}{\376\377\000S\000c\000o\000r\000u\000l\000\040\000p\000r\000o\000g\000n\000o\000z\000e\000l\000o\000r\000\040\000s\000i\000\040\000r\000e\000p\000u\000t\000a\000t\000i\000a}{section.7}% 44
\BOOKMARK [3][-]{subsubsection.7.9.1}{\376\377\000S\000c\000o\000r\000u\000l\000\040\000u\000n\000e\000i\000\040\000p\000r\000o\000g\000n\000o\000z\000e\000\040\040\024\000\040\000s\000p\000\137\000f\000o\000r\000e\000c\000a\000s\000t\000\137\000s\000c\000o\000r\000e}{subsection.7.9}% 45
\BOOKMARK [3][-]{subsubsection.7.9.2}{\376\377\000R\000e\000p\000u\000t\000a\000t\000i\000a\000\040\000u\000t\000i\000l\000i\000z\000a\000t\000o\000r\000i\000l\000o\000r\000\040\040\024\000\040\000s\000p\000\137\000u\000s\000e\000r\000\137\000r\000e\000p\000u\000t\000a\000t\000i\000o\000n}{subsection.7.9}% 46
\BOOKMARK [1][-]{section.8}{\376\377\000T\000e\000s\000t\000a\000r\000e\000\040\000s\000i\000\040\000v\000a\000l\000i\000d\000a\000r\000e}{}% 47
\BOOKMARK [1][-]{section.9}{\376\377\000B\000i\000b\000l\000i\000o\000g\000r\000a\000f\000i\000e}{}% 48
\BOOKMARK [1][-]{section.10}{\376\377\000C\000o\000n\000c\000l\000u\000z\000i\000i}{}% 49
